{
  "needles": {
    "BATTLE_TYPE_BATTLE_TOWER": 1,
    "BATTLE_TYPE_FRONTIER": 1,
    "CB2_ReturnToField": 1,
    "CB2_WhiteOut": 1,
    "EndBattleFlagClear": 2,
    "EndOfBattleThings": 1,
    "VegaBattlePolicyEnd": 2
  },
  "status": "PASS",
  "summary": {
    "accepted_native_cases_replayed": 0,
    "candidate_rom_changed": false,
    "end_lifecycle_paths": [
      "scripts/build_battle_core.py",
      "vendor/upstream/CFRU-JP/src/end_battle.c"
    ],
    "field_return_owner_paths": [
      "vendor/upstream/CFRU-JP/src/end_battle.c"
    ],
    "new_emulator_processes": 0,
    "owner_resolved": true,
    "whiteout_and_return_overlap_paths": [
      "vendor/upstream/CFRU-JP/src/end_battle.c"
    ],
    "whiteout_owner_paths": [
      "vendor/upstream/CFRU-JP/src/end_battle.c"
    ]
  }
}
