test_adjacent_ranges_coalesce (test_pr16_p08_impact.ImpactTests.test_adjacent_ranges_coalesce) ... ok
test_chain_model_rejects_terminal_and_layer_count (test_pr16_p08_impact.ImpactTests.test_chain_model_rejects_terminal_and_layer_count) ... ok
test_cross_layer_preimage_rejected (test_pr16_p08_impact.ImpactTests.test_cross_layer_preimage_rejected) ... ok
test_duplicate_candidate_rejected (test_pr16_p08_impact.ImpactTests.test_duplicate_candidate_rejected) ... ok
test_empty_and_noop_layer_rejected (test_pr16_p08_impact.ImpactTests.test_empty_and_noop_layer_rejected) ... ok
test_exact_old_identity_not_successor_relabelled (test_pr16_p08_impact.ImpactTests.test_exact_old_identity_not_successor_relabelled) ... ok
test_intra_layer_overlap_rejected (test_pr16_p08_impact.ImpactTests.test_intra_layer_overlap_rejected) ... ok
test_known_shared_hook_labelled (test_pr16_p08_impact.ImpactTests.test_known_shared_hook_labelled) ... ok
test_missing_binding_manifest_not_silently_proven (test_pr16_p08_impact.ImpactTests.test_missing_binding_manifest_not_silently_proven) ... ok
test_net_cancellation (test_pr16_p08_impact.ImpactTests.test_net_cancellation) ... ok
test_offline_barrier_rejects_network_and_compilers (test_pr16_p08_impact.ImpactTests.test_offline_barrier_rejects_network_and_compilers) ... ok
test_offset_types_and_bounds (test_pr16_p08_impact.ImpactTests.test_offset_types_and_bounds) ... ok
test_owner_boundary_no_false_overlap (test_pr16_p08_impact.ImpactTests.test_owner_boundary_no_false_overlap) ... ok
test_p07_content_and_native_boundary (test_pr16_p08_impact.ImpactTests.test_p07_content_and_native_boundary) ... ok
test_partial_cancellation (test_pr16_p08_impact.ImpactTests.test_partial_cancellation) ... ok
test_same_candidate_is_not_replayed (test_pr16_p08_impact.ImpactTests.test_same_candidate_is_not_replayed) ... ok
test_saved_ancestry_is_pinned (test_pr16_p08_impact.ImpactTests.test_saved_ancestry_is_pinned) ... ok
test_size_change_rejected (test_pr16_p08_impact.ImpactTests.test_size_change_rejected) ... ok
test_source_drift_is_read_only (test_pr16_p08_impact.ImpactTests.test_source_drift_is_read_only) ... ok
test_sparse_inputs_not_mutated (test_pr16_p08_impact.ImpactTests.test_sparse_inputs_not_mutated) ... ok
test_unchanged_inner_bytes_excluded (test_pr16_p08_impact.ImpactTests.test_unchanged_inner_bytes_excluded) ... ok
test_unknown_candidate_rejected (test_pr16_p08_impact.ImpactTests.test_unknown_candidate_rejected) ... ok

----------------------------------------------------------------------
Ran 22 tests in 0.226s

OK
