test_bl_roundtrip_boundaries (test_pr16_circus_getter_abi.GetterAbiTests.test_bl_roundtrip_boundaries) ... ok
test_far_landing_unreachable_by_thumb_is_reached_in_arm (test_pr16_circus_getter_abi.GetterAbiTests.test_far_landing_unreachable_by_thumb_is_reached_in_arm) ... ok
test_interworking_negative_branch (test_pr16_circus_getter_abi.GetterAbiTests.test_interworking_negative_branch) ... ok
test_interworking_preserves_five_argument_abi (test_pr16_circus_getter_abi.GetterAbiTests.test_interworking_preserves_five_argument_abi) ... ok
test_interworking_rejects_link_branch_and_alignment (test_pr16_circus_getter_abi.GetterAbiTests.test_interworking_rejects_link_branch_and_alignment) ... ok
test_literal_pc_alignment (test_pr16_circus_getter_abi.GetterAbiTests.test_literal_pc_alignment) ... ok
test_missing_draw_is_rejected (test_pr16_circus_getter_abi.GetterAbiTests.test_missing_draw_is_rejected) ... ok
test_old_veneer_destroys_size_argument (test_pr16_circus_getter_abi.GetterAbiTests.test_old_veneer_destroys_size_argument) ... ok
test_original_draws_are_diagnostic_not_acceptance (test_pr16_circus_getter_abi.GetterAbiTests.test_original_draws_are_diagnostic_not_acceptance) ... ok
test_preserves_all_five_arguments_sp_lr_and_callee_saved (test_pr16_circus_getter_abi.GetterAbiTests.test_preserves_all_five_arguments_sp_lr_and_callee_saved) ... ok
test_rejects_bl_outside_range (test_pr16_circus_getter_abi.GetterAbiTests.test_rejects_bl_outside_range) ... ok
test_rejects_mismatched_cache_provenance (test_pr16_circus_getter_abi.GetterAbiTests.test_rejects_mismatched_cache_provenance) ... ok
test_rejects_non_rom_target (test_pr16_circus_getter_abi.GetterAbiTests.test_rejects_non_rom_target) ... ok
test_rejects_non_thumb_target (test_pr16_circus_getter_abi.GetterAbiTests.test_rejects_non_thumb_target) ... ok
test_rejects_odd_bl (test_pr16_circus_getter_abi.GetterAbiTests.test_rejects_odd_bl) ... ok
test_rejects_save_substitution (test_pr16_circus_getter_abi.GetterAbiTests.test_rejects_save_substitution) ... ok
test_rejects_unaligned_veneer (test_pr16_circus_getter_abi.GetterAbiTests.test_rejects_unaligned_veneer) ... ok
test_rejects_wrong_candidate_before_patch (test_pr16_circus_getter_abi.GetterAbiTests.test_rejects_wrong_candidate_before_patch) ... ok
test_rejects_wrong_opcode (test_pr16_circus_getter_abi.GetterAbiTests.test_rejects_wrong_opcode) ... ok
test_unknown_instruction_is_not_a_proof (test_pr16_circus_getter_abi.GetterAbiTests.test_unknown_instruction_is_not_a_proof) ... ok

----------------------------------------------------------------------
Ran 20 tests in 0.001s

OK
