{
  "needles": {
    "BATTLE_TYPE_BATTLE_TOWER": 3,
    "BATTLE_TYPE_FRONTIER": 64,
    "CB2_ReturnToField": 24,
    "CB2_WhiteOut": 1,
    "EndBattleFlagClear": 8,
    "EndOfBattleThings": 7,
    "VegaBattlePolicyEnd": 4
  },
  "status": "PASS",
  "summary": {
    "accepted_native_cases_replayed": 0,
    "callback_owner_candidates": [],
    "candidate_rom_changed": false,
    "candidate_rom_owner_verified": false,
    "end_lifecycle_paths": [
      "scripts/build_battle_core.py",
      "vendor/upstream/CFRU-JP/include/new/end_battle.h",
      "vendor/upstream/CFRU-JP/src/end_battle.c"
    ],
    "field_return_owner_paths": [],
    "field_return_reference_paths": [
      "vendor/upstream/CFRU-JP/include/overworld.h",
      "vendor/upstream/CFRU-JP/src/dexnav.c",
      "vendor/upstream/CFRU-JP/src/em_mining.c",
      "vendor/upstream/CFRU-JP/src/frontier_records.c",
      "vendor/upstream/CFRU-JP/src/party_menu.c",
      "vendor/upstream/CFRU-JP/src/raid_intro.c",
      "vendor/upstream/CFRU-JP/src/read_keys.c",
      "vendor/upstream/CFRU-JP/src/scripting.c"
    ],
    "new_emulator_processes": 0,
    "next_boundary": "CANDIDATE_ROM_CALLBACK_BYTES_REQUIRED",
    "owner_resolved": false,
    "reference_only_overlap_paths": [
      "vendor/upstream/CFRU-JP/include/overworld.h"
    ],
    "source_scan_complete": true,
    "whiteout_and_return_overlap_paths": [],
    "whiteout_owner_paths": [],
    "whiteout_reference_paths": [
      "vendor/upstream/CFRU-JP/include/overworld.h"
    ]
  }
}
