test_01_adapt_only_expected_sources (test_pr16_circus_suppression.SuppressionContracts.test_01_adapt_only_expected_sources) ... ok
test_02_adapt_does_not_mutate_input (test_pr16_circus_suppression.SuppressionContracts.test_02_adapt_does_not_mutate_input) ... ok
test_03_missing_source_anchor_rejected (test_pr16_circus_suppression.SuppressionContracts.test_03_missing_source_anchor_rejected) ... ok
test_04_ambiguous_source_anchor_rejected (test_pr16_circus_suppression.SuppressionContracts.test_04_ambiguous_source_anchor_rejected) ... ok
test_05_duplicate_json_rejected (test_pr16_circus_suppression.SuppressionContracts.test_05_duplicate_json_rejected) ... ok
test_06_nonfinite_json_rejected (test_pr16_circus_suppression.SuppressionContracts.test_06_nonfinite_json_rejected) ... ok
test_07_real_draw_contract (test_pr16_circus_suppression.SuppressionContracts.test_07_real_draw_contract) ... ok
test_08_pregate_streak_rejected (test_pr16_circus_suppression.SuppressionContracts.test_08_pregate_streak_rejected) ... ok
test_09_flag_without_actual_battle_rejected (test_pr16_circus_suppression.SuppressionContracts.test_09_flag_without_actual_battle_rejected) ... ok
test_10_repeated_target_rejected (test_pr16_circus_suppression.SuppressionContracts.test_10_repeated_target_rejected) ... ok
test_11_all_nontarget_draws_retained (test_pr16_circus_suppression.SuppressionContracts.test_11_all_nontarget_draws_retained) ... ok
test_12_natural_calls_contract (test_pr16_circus_suppression.SuppressionContracts.test_12_natural_calls_contract) ... ok
test_13_injected_call_rejected (test_pr16_circus_suppression.SuppressionContracts.test_13_injected_call_rejected) ... ok
test_14_false_predicate_rejected (test_pr16_circus_suppression.SuppressionContracts.test_14_false_predicate_rejected) ... ok
test_15_wrong_delegate_rejected (test_pr16_circus_suppression.SuppressionContracts.test_15_wrong_delegate_rejected) ... ok
test_16_fourth_argument_corruption_rejected (test_pr16_circus_suppression.SuppressionContracts.test_16_fourth_argument_corruption_rejected) ... ok
test_17_prefix_drift_rejected (test_pr16_circus_suppression.SuppressionContracts.test_17_prefix_drift_rejected) ... ok
test_18_header_has_no_game_writes_or_host_calls (test_pr16_circus_suppression.SuppressionContracts.test_18_header_has_no_game_writes_or_host_calls) ... ok
test_19_normal_save_cache_is_not_artifact (test_pr16_circus_suppression.SuppressionContracts.test_19_normal_save_cache_is_not_artifact) ... ok
test_20_lifecycle_never_accepts_failed_process (test_pr16_circus_suppression.SuppressionContracts.test_20_lifecycle_never_accepts_failed_process) ... ok

----------------------------------------------------------------------
Ran 20 tests in 0.001s

OK
