test_boolean_size_rejected (test_pr16_resume.ResumeTests.test_boolean_size_rejected) ... ok
test_candidate_must_match_checkpoint (test_pr16_resume.ResumeTests.test_candidate_must_match_checkpoint) ... ok
test_candidate_must_match_ledger (test_pr16_resume.ResumeTests.test_candidate_must_match_ledger) ... ok
test_check_is_read_only (test_pr16_resume.ResumeTests.test_check_is_read_only) ... ok
test_current_snapshot (test_pr16_resume.ResumeTests.test_current_snapshot) ... ok
test_duplicate_gap_rejected (test_pr16_resume.ResumeTests.test_duplicate_gap_rejected) ... ok
test_gap_cannot_disappear (test_pr16_resume.ResumeTests.test_gap_cannot_disappear) ... ok
test_install_is_idempotent_and_preserves_old_text (test_pr16_resume.ResumeTests.test_install_is_idempotent_and_preserves_old_text) ... ok
test_logs_append_once (test_pr16_resume.ResumeTests.test_logs_append_once) ... ok
test_markdown_drift (test_pr16_resume.ResumeTests.test_markdown_drift) ... ok
test_next_action_not_hardcoded (test_pr16_resume.ResumeTests.test_next_action_not_hardcoded) ... ok
test_no_false_battle (test_pr16_resume.ResumeTests.test_no_false_battle) ... ok
test_no_false_bp (test_pr16_resume.ResumeTests.test_no_false_bp) ... ok
test_no_false_release (test_pr16_resume.ResumeTests.test_no_false_release) ... ok
test_no_stale_head (test_pr16_resume.ResumeTests.test_no_stale_head) ... ok
test_no_stale_run (test_pr16_resume.ResumeTests.test_no_stale_run) ... ok
test_path_traversal_rejected (test_pr16_resume.ResumeTests.test_path_traversal_rejected) ... ok
test_scoped_acceptance_does_not_accept_release (test_pr16_resume.ResumeTests.test_scoped_acceptance_does_not_accept_release) ... ok
test_scoped_acceptance_rejects_changed_spending_flag (test_pr16_resume.ResumeTests.test_scoped_acceptance_rejects_changed_spending_flag) ... ok
test_scoped_acceptance_requires_exact_nine_bp (test_pr16_resume.ResumeTests.test_scoped_acceptance_requires_exact_nine_bp) ... ok
test_scoped_acceptance_requires_three_wins (test_pr16_resume.ResumeTests.test_scoped_acceptance_requires_three_wins) ... ok
test_scoped_acceptance_state_mirrors_reward (test_pr16_resume.ResumeTests.test_scoped_acceptance_state_mirrors_reward) ... ok
test_source_drift (test_pr16_resume.ResumeTests.test_source_drift) ... ok
test_symlink_rejected (test_pr16_resume.ResumeTests.test_symlink_rejected) ... ok

----------------------------------------------------------------------
Ran 24 tests in 4.339s

OK
