test_double_apply_rejected (test_pr16_circus_getter_fields.LiteralContracts.test_double_apply_rejected) ... ok
test_exact_five_fields (test_pr16_circus_getter_fields.LiteralContracts.test_exact_five_fields) ... ok
test_no_instruction_or_unowned_change (test_pr16_circus_getter_fields.LiteralContracts.test_no_instruction_or_unowned_change) ... ok
test_other_runtime_rejected (test_pr16_circus_getter_fields.LiteralContracts.test_other_runtime_rejected) ... ok
test_rollback (test_pr16_circus_getter_fields.LiteralContracts.test_rollback) ... ok
test_state_api_range_gate (test_pr16_circus_getter_fields.LiteralContracts.test_state_api_range_gate) ... ok
test_t06_enum_mapping (test_pr16_circus_getter_fields.LiteralContracts.test_t06_enum_mapping) ... ok
test_truncated_rejected (test_pr16_circus_getter_fields.LiteralContracts.test_truncated_rejected) ... ok
test_best (test_pr16_circus_getter_fields.RuntimeLeafContracts.test_best) ... ok
test_current_30 (test_pr16_circus_getter_fields.RuntimeLeafContracts.test_current_30) ... ok
test_explicit_invalid_arguments_preserved (test_pr16_circus_getter_fields.RuntimeLeafContracts.test_explicit_invalid_arguments_preserved) ... ok
test_explicit_parameters (test_pr16_circus_getter_fields.RuntimeLeafContracts.test_explicit_parameters) ... ok
test_invalid_current_max (test_pr16_circus_getter_fields.RuntimeLeafContracts.test_invalid_current_max) ... ok
test_not_armed (test_pr16_circus_getter_fields.RuntimeLeafContracts.test_not_armed) ... ok
test_source_double_repair_rejected (test_pr16_circus_getter_fields.RuntimeLeafContracts.test_source_double_repair_rejected) ... ok
test_wrong_facility_fallback (test_pr16_circus_getter_fields.RuntimeLeafContracts.test_wrong_facility_fallback) ... ok
test_wrong_level (test_pr16_circus_getter_fields.RuntimeLeafContracts.test_wrong_level) ... ok
test_wrong_size (test_pr16_circus_getter_fields.RuntimeLeafContracts.test_wrong_size) ... ok
test_wrong_style (test_pr16_circus_getter_fields.RuntimeLeafContracts.test_wrong_style) ... ok
test_wrong_tier (test_pr16_circus_getter_fields.RuntimeLeafContracts.test_wrong_tier) ... ok

----------------------------------------------------------------------
Ran 20 tests in 0.158s

OK
