test_accepted_30win_prefix_unchanged (test_pr16_circus_fairy_lock.FieldPolicy.test_accepted_30win_prefix_unchanged) ... ok
test_exact_boundary (test_pr16_circus_fairy_lock.FieldPolicy.test_exact_boundary) ... ok
test_later_streak (test_pr16_circus_fairy_lock.FieldPolicy.test_later_streak) ... ok
test_no_effect (test_pr16_circus_fairy_lock.FieldPolicy.test_no_effect) ... ok
test_observed_field (test_pr16_circus_fairy_lock.FieldPolicy.test_observed_field) ... ok
test_other_effect_untouched (test_pr16_circus_fairy_lock.FieldPolicy.test_other_effect_untouched) ... ok
test_other_facility_untouched (test_pr16_circus_fairy_lock.FieldPolicy.test_other_facility_untouched) ... ok
test_suppression_and_lock (test_pr16_circus_fairy_lock.FieldPolicy.test_suppression_and_lock) ... ok
test_bootstrap_stays_forbidden (test_pr16_circus_fairy_lock.GeneratedBoundary.test_bootstrap_stays_forbidden) ... ok
test_changed_owner_boundary_rejected (test_pr16_circus_fairy_lock.GeneratedBoundary.test_changed_owner_boundary_rejected) ... ok
test_double_application_rejected (test_pr16_circus_fairy_lock.GeneratedBoundary.test_double_application_rejected) ... ok
test_forced_switch_unchanged (test_pr16_circus_fairy_lock.GeneratedBoundary.test_forced_switch_unchanged) ... ok
test_input_immutable (test_pr16_circus_fairy_lock.GeneratedBoundary.test_input_immutable) ... ok
test_no_duplicate_cpu_trace (test_pr16_circus_fairy_lock.GeneratedBoundary.test_no_duplicate_cpu_trace) ... ok
test_no_old_draw_sweep (test_pr16_circus_fairy_lock.GeneratedBoundary.test_no_old_draw_sweep) ... ok
test_only_three_source_edits (test_pr16_circus_fairy_lock.GeneratedBoundary.test_only_three_source_edits) ... ok
test_boolean_type_rejected (test_pr16_circus_fairy_lock.KnownDraw.test_boolean_type_rejected) ... ok
test_delay_mismatch_rejected (test_pr16_circus_fairy_lock.KnownDraw.test_delay_mismatch_rejected) ... ok
test_different_effect_rejected (test_pr16_circus_fairy_lock.KnownDraw.test_different_effect_rejected) ... ok
test_prior_identity_shape_rejected (test_pr16_circus_fairy_lock.KnownDraw.test_prior_identity_shape_rejected) ... ok
test_repeated_draw_rejected (test_pr16_circus_fairy_lock.KnownDraw.test_repeated_draw_rejected) ... ok
test_same_target_new_frame (test_pr16_circus_fairy_lock.KnownDraw.test_same_target_new_frame) ... ok

----------------------------------------------------------------------
Ran 22 tests in 1.408s

OK
