test_battle_only_not_permanent_level (tests.test_pr16_learnset_baseline.BaselineRows.test_battle_only_not_permanent_level) ... ok
test_exact_layer (tests.test_pr16_learnset_baseline.BaselineRows.test_exact_layer) ... ok
test_form_carry_is_not_direct_level (tests.test_pr16_learnset_baseline.BaselineRows.test_form_carry_is_not_direct_level) ... ok
test_missing_field_rejected (tests.test_pr16_learnset_baseline.BaselineRows.test_missing_field_rejected) ... ok
test_missing_slot_not_created (tests.test_pr16_learnset_baseline.BaselineRows.test_missing_slot_not_created) ... ok
test_pre_evolution_donor_level_kept (tests.test_pr16_learnset_baseline.BaselineRows.test_pre_evolution_donor_level_kept) ... ok
test_pre_evolution_target_level_rejected (tests.test_pr16_learnset_baseline.BaselineRows.test_pre_evolution_target_level_rejected) ... ok
test_preserved_target_cannot_leak (tests.test_pr16_learnset_baseline.BaselineRows.test_preserved_target_cannot_leak) ... ok
test_shared_egg_is_not_direct_egg (tests.test_pr16_learnset_baseline.BaselineRows.test_shared_egg_is_not_direct_egg) ... ok
test_shared_egg_needs_condition (tests.test_pr16_learnset_baseline.BaselineRows.test_shared_egg_needs_condition) ... ok
test_source_route_is_lossless (tests.test_pr16_learnset_baseline.BaselineRows.test_source_route_is_lossless) ... ok
test_source_tm_not_current_slot (tests.test_pr16_learnset_baseline.BaselineRows.test_source_tm_not_current_slot) ... ok
test_spec_extension_remains_unimplemented (tests.test_pr16_learnset_baseline.BaselineRows.test_spec_extension_remains_unimplemented) ... ok
test_spec_is_not_runtime_acceptance (tests.test_pr16_learnset_baseline.BaselineRows.test_spec_is_not_runtime_acceptance) ... ok
test_truthy_string_is_not_adoption (tests.test_pr16_learnset_baseline.BaselineRows.test_truthy_string_is_not_adoption) ... ok
test_unknown_move_rejected (tests.test_pr16_learnset_baseline.BaselineRows.test_unknown_move_rejected) ... ok
test_unknown_route_rejected (tests.test_pr16_learnset_baseline.BaselineRows.test_unknown_route_rejected) ... ok
test_zero_level_is_not_null (tests.test_pr16_learnset_baseline.BaselineRows.test_zero_level_is_not_null) ... ok
test_array_order_preserved (tests.test_pr16_learnset_baseline.CsvValidation.test_array_order_preserved) ... ok
test_duplicate_rejected (tests.test_pr16_learnset_baseline.CsvValidation.test_duplicate_rejected) ... ok
test_extra_columns_rejected (tests.test_pr16_learnset_baseline.CsvValidation.test_extra_columns_rejected) ... ok
test_full_match (tests.test_pr16_learnset_baseline.CsvValidation.test_full_match) ... ok
test_json_container_formatting_not_semantic_difference (tests.test_pr16_learnset_baseline.CsvValidation.test_json_container_formatting_not_semantic_difference) ... ok
test_method_or_level_change_rejected (tests.test_pr16_learnset_baseline.CsvValidation.test_method_or_level_change_rejected) ... ok
test_missing_row_rejected (tests.test_pr16_learnset_baseline.CsvValidation.test_missing_row_rejected) ... ok
test_missing_values_rejected (tests.test_pr16_learnset_baseline.CsvValidation.test_missing_values_rejected) ... ok
test_null_differs_from_zero (tests.test_pr16_learnset_baseline.CsvValidation.test_null_differs_from_zero) ... ok
test_reference_metadata_not_donor_metadata (tests.test_pr16_learnset_baseline.CsvValidation.test_reference_metadata_not_donor_metadata) ... ok
test_unknown_route_rejected (tests.test_pr16_learnset_baseline.CsvValidation.test_unknown_route_rejected) ... ok
test_wrong_partition_rejected (tests.test_pr16_learnset_baseline.CsvValidation.test_wrong_partition_rejected) ... ok
test_check_does_not_repair_corruption (tests.test_pr16_learnset_baseline.OutputAndGate.test_check_does_not_repair_corruption) ... ok
test_csv_pass_cannot_close_native_gap (tests.test_pr16_learnset_baseline.OutputAndGate.test_csv_pass_cannot_close_native_gap) ... ok
test_encoding_is_deterministic (tests.test_pr16_learnset_baseline.OutputAndGate.test_encoding_is_deterministic) ... ok
test_gate_keeps_three_independent_blockers (tests.test_pr16_learnset_baseline.OutputAndGate.test_gate_keeps_three_independent_blockers) ... ok
test_output_cannot_be_local_root (tests.test_pr16_learnset_baseline.OutputAndGate.test_output_cannot_be_local_root) ... ok
test_output_cannot_target_tracked (tests.test_pr16_learnset_baseline.OutputAndGate.test_output_cannot_target_tracked) ... ok
test_output_symlink_rejected (tests.test_pr16_learnset_baseline.OutputAndGate.test_output_symlink_rejected) ... ok
test_unexpected_directory_rejected (tests.test_pr16_learnset_baseline.OutputAndGate.test_unexpected_directory_rejected) ... ok
test_unexpected_output_rejected (tests.test_pr16_learnset_baseline.OutputAndGate.test_unexpected_output_rejected) ... ok

----------------------------------------------------------------------
Ran 39 tests in 0.008s

OK
